---
source: crates/conductor-run/tests/dispatch_wire.rs
expression: span_shapes(&traces)
---
[
    SpanShape {
        batch: 0,
        name: "root",
        trace_id: "cd57c5758470f9d6e2dddb446aa334e4",
        span_id: "7535666c059f3021",
        parent_span_id: "",
        status: 2,
        events: [],
        attribute_keys: [],
    },
    SpanShape {
        batch: 1,
        name: "root",
        trace_id: "2c8b07ef802c2b905318e4ee12a5bf9a",
        span_id: "3d28d29fa9313c80",
        parent_span_id: "",
        status: 2,
        events: [],
        attribute_keys: [],
    },
    SpanShape {
        batch: 2,
        name: "root",
        trace_id: "e10e07e2d4ec69c705d43edc0e2b43ef",
        span_id: "a8b091a46d76bd54",
        parent_span_id: "",
        status: 2,
        events: [],
        attribute_keys: [],
    },
    SpanShape {
        batch: 3,
        name: "root",
        trace_id: "304b9455baaef58648b6d1ac39b64279",
        span_id: "e6a5fb0fa159d1fe",
        parent_span_id: "",
        status: 2,
        events: [],
        attribute_keys: [],
    },
    SpanShape {
        batch: 4,
        name: "root",
        trace_id: "70f3d4fb7118bfad890934e31d5ea3e2",
        span_id: "2ab5c35f1ba889e7",
        parent_span_id: "",
        status: 2,
        events: [],
        attribute_keys: [],
    },
    SpanShape {
        batch: 5,
        name: "root",
        trace_id: "171ca034fb0e65717966f3f3b1db0237",
        span_id: "a0598f68468de460",
        parent_span_id: "",
        status: 2,
        events: [],
        attribute_keys: [],
    },
    SpanShape {
        batch: 6,
        name: "baseline",
        trace_id: "c5985753e52f9adbc3741d5848befc43",
        span_id: "2e02bb5d60512a5f",
        parent_span_id: "",
        status: 1,
        events: [],
        attribute_keys: [],
    },
    SpanShape {
        batch: 7,
        name: "baseline",
        trace_id: "3ada0983756d1265c0c26058ef46d8f5",
        span_id: "8e029d14cd262680",
        parent_span_id: "",
        status: 1,
        events: [],
        attribute_keys: [],
    },
    SpanShape {
        batch: 8,
        name: "baseline",
        trace_id: "b6ccd6a8f40e82234a104d5e45bb1607",
        span_id: "877039cf07b2365f",
        parent_span_id: "",
        status: 1,
        events: [],
        attribute_keys: [],
    },
    SpanShape {
        batch: 9,
        name: "baseline",
        trace_id: "0cae2cc6d38e824b06383bf113edb0e3",
        span_id: "ba014df32189d60e",
        parent_span_id: "",
        status: 1,
        events: [],
        attribute_keys: [],
    },
    SpanShape {
        batch: 10,
        name: "baseline",
        trace_id: "aabe653d56cc55a981fc90f849d39381",
        span_id: "996147aece825c4b",
        parent_span_id: "",
        status: 1,
        events: [],
        attribute_keys: [],
    },
    SpanShape {
        batch: 11,
        name: "baseline",
        trace_id: "d22cf77a99c462ddd03867d55c9d2ba1",
        span_id: "04ff42073f9c1e70",
        parent_span_id: "",
        status: 1,
        events: [],
        attribute_keys: [],
    },
    SpanShape {
        batch: 12,
        name: "baseline",
        trace_id: "324047b5c88bb8880635eb50d0a1d109",
        span_id: "0eb1be5a8421a1e9",
        parent_span_id: "",
        status: 1,
        events: [],
        attribute_keys: [],
    },
    SpanShape {
        batch: 13,
        name: "baseline",
        trace_id: "9ab4f5b4b0bb9ae3a97dd1795ba8d15f",
        span_id: "4788bedc8ef29923",
        parent_span_id: "",
        status: 1,
        events: [],
        attribute_keys: [],
    },
    SpanShape {
        batch: 14,
        name: "baseline",
        trace_id: "05356dac1ce32474f99f85c80c05db49",
        span_id: "31b26571ca5773fb",
        parent_span_id: "",
        status: 1,
        events: [],
        attribute_keys: [],
    },
    SpanShape {
        batch: 15,
        name: "baseline",
        trace_id: "9a546e91d73fe13e01f08f30d7b42a73",
        span_id: "555b0d0b4c17e046",
        parent_span_id: "",
        status: 1,
        events: [],
        attribute_keys: [],
    },
    SpanShape {
        batch: 16,
        name: "baseline",
        trace_id: "2f418603845d531abcfaa7f8d84bc23f",
        span_id: "910fb185161a2fbf",
        parent_span_id: "",
        status: 1,
        events: [],
        attribute_keys: [],
    },
    SpanShape {
        batch: 17,
        name: "baseline",
        trace_id: "c19f6d91d1d05c704bea86e0e944edc7",
        span_id: "d2ff222b93e78747",
        parent_span_id: "",
        status: 1,
        events: [],
        attribute_keys: [],
    },
    SpanShape {
        batch: 18,
        name: "baseline",
        trace_id: "0772499a4149c4156e6abd4dd291e9d1",
        span_id: "e048e09539d32dea",
        parent_span_id: "",
        status: 1,
        events: [],
        attribute_keys: [],
    },
    SpanShape {
        batch: 19,
        name: "baseline",
        trace_id: "874452ce6f665be68037be0a7c64ea70",
        span_id: "742904bc5654a202",
        parent_span_id: "",
        status: 1,
        events: [],
        attribute_keys: [],
    },
    SpanShape {
        batch: 20,
        name: "baseline",
        trace_id: "02cf8f8ba35e85c4f56ecdb04c92adf8",
        span_id: "0eeccf6de0d0a85b",
        parent_span_id: "",
        status: 1,
        events: [],
        attribute_keys: [],
    },
    SpanShape {
        batch: 21,
        name: "baseline",
        trace_id: "4954527589e51f065daca3756f60b357",
        span_id: "8363db4b3eb6448d",
        parent_span_id: "",
        status: 1,
        events: [],
        attribute_keys: [],
    },
    SpanShape {
        batch: 22,
        name: "baseline",
        trace_id: "b23c474f9986a677877cebf85eb0568f",
        span_id: "ef6dc8ea8c0786c5",
        parent_span_id: "",
        status: 1,
        events: [],
        attribute_keys: [],
    },
    SpanShape {
        batch: 23,
        name: "baseline",
        trace_id: "4007e7e225d28567f513e6c30b902f1b",
        span_id: "efc3064556be26c8",
        parent_span_id: "",
        status: 1,
        events: [],
        attribute_keys: [],
    },
    SpanShape {
        batch: 24,
        name: "baseline",
        trace_id: "8c82394aa04daad6da43c3a64dcf84dc",
        span_id: "8d8962d4c4167e97",
        parent_span_id: "",
        status: 1,
        events: [],
        attribute_keys: [],
    },
    SpanShape {
        batch: 25,
        name: "baseline",
        trace_id: "b1c1f6197738428570e5ad60b571e410",
        span_id: "72865e1c2650abc8",
        parent_span_id: "",
        status: 1,
        events: [],
        attribute_keys: [],
    },
    SpanShape {
        batch: 26,
        name: "baseline",
        trace_id: "a6ab4828026df3a58f98532e36227681",
        span_id: "f9821712fffd048e",
        parent_span_id: "",
        status: 1,
        events: [],
        attribute_keys: [],
    },
    SpanShape {
        batch: 27,
        name: "baseline",
        trace_id: "f52a194132a7a5ee5ebda9a24fe32880",
        span_id: "bc63b37f185ad0dd",
        parent_span_id: "",
        status: 1,
        events: [],
        attribute_keys: [],
    },
    SpanShape {
        batch: 28,
        name: "baseline",
        trace_id: "6f1acb7bbf6f07462dc321805114cc13",
        span_id: "89923ce1807e581f",
        parent_span_id: "",
        status: 1,
        events: [],
        attribute_keys: [],
    },
    SpanShape {
        batch: 29,
        name: "baseline",
        trace_id: "93f6f94688e0abcdb1779434fcea5305",
        span_id: "062fa65fc970c117",
        parent_span_id: "",
        status: 1,
        events: [],
        attribute_keys: [],
    },
    SpanShape {
        batch: 30,
        name: "baseline",
        trace_id: "8866a59ecd3c4bcb953ee543d4463105",
        span_id: "4ca6af8c94f33959",
        parent_span_id: "",
        status: 1,
        events: [],
        attribute_keys: [],
    },
    SpanShape {
        batch: 31,
        name: "baseline",
        trace_id: "e4e55ebacc0d0838fc34fbd4d712be0d",
        span_id: "808458419867eb3f",
        parent_span_id: "",
        status: 1,
        events: [],
        attribute_keys: [],
    },
    SpanShape {
        batch: 32,
        name: "baseline",
        trace_id: "c6d9a2f9598cbc45170bdb2bc7fada02",
        span_id: "af4a086aa4c6ca7d",
        parent_span_id: "",
        status: 1,
        events: [],
        attribute_keys: [],
    },
    SpanShape {
        batch: 33,
        name: "baseline",
        trace_id: "15a086aa63f7d496632e2c48ed51f9f8",
        span_id: "80b4deb572082f2a",
        parent_span_id: "",
        status: 1,
        events: [],
        attribute_keys: [],
    },
    SpanShape {
        batch: 34,
        name: "baseline",
        trace_id: "ae6c9788167181cd798bbe295f2d52b5",
        span_id: "200536e98e8acd82",
        parent_span_id: "",
        status: 1,
        events: [],
        attribute_keys: [],
    },
    SpanShape {
        batch: 35,
        name: "baseline",
        trace_id: "35131b5a808d60ac01a1cf32b78323b4",
        span_id: "ea7d08c5f81a0d4c",
        parent_span_id: "",
        status: 1,
        events: [],
        attribute_keys: [],
    },
    SpanShape {
        batch: 36,
        name: "baseline",
        trace_id: "4a68f324ec69377d0d9d80d6bce76f96",
        span_id: "5c00ba1d33fd5a1e",
        parent_span_id: "",
        status: 1,
        events: [],
        attribute_keys: [],
    },
    SpanShape {
        batch: 37,
        name: "baseline",
        trace_id: "c7b6eb4bce850272fc5460b11c8ab169",
        span_id: "79a2ba3819f9b447",
        parent_span_id: "",
        status: 1,
        events: [],
        attribute_keys: [],
    },
    SpanShape {
        batch: 38,
        name: "baseline",
        trace_id: "5d2f228704dcc8cadec5329c21409f92",
        span_id: "427c68dceef2e47f",
        parent_span_id: "",
        status: 1,
        events: [],
        attribute_keys: [],
    },
    SpanShape {
        batch: 39,
        name: "baseline",
        trace_id: "3a6e63fca94754d2aaf518a913a9bb78",
        span_id: "250292608c464469",
        parent_span_id: "",
        status: 1,
        events: [],
        attribute_keys: [],
    },
    SpanShape {
        batch: 40,
        name: "baseline",
        trace_id: "1686c60095ded255b6f88158762836f4",
        span_id: "7edc13df60cd50a8",
        parent_span_id: "",
        status: 1,
        events: [],
        attribute_keys: [],
    },
    SpanShape {
        batch: 41,
        name: "baseline",
        trace_id: "a8aa7d856de8c3d923296dd0b3e3680c",
        span_id: "37306b154e8c1b52",
        parent_span_id: "",
        status: 1,
        events: [],
        attribute_keys: [],
    },
    SpanShape {
        batch: 42,
        name: "baseline",
        trace_id: "787378961decdf7c2d76f8ebad69b8bc",
        span_id: "097332cc1edc0092",
        parent_span_id: "",
        status: 1,
        events: [],
        attribute_keys: [],
    },
    SpanShape {
        batch: 43,
        name: "baseline",
        trace_id: "1843ee6e05cc350090914b233e3f8746",
        span_id: "349c1a987b5f67f5",
        parent_span_id: "",
        status: 1,
        events: [],
        attribute_keys: [],
    },
    SpanShape {
        batch: 44,
        name: "baseline",
        trace_id: "5e7ba7538a7356f2f908c2d5b8f60e81",
        span_id: "4ff43cd4e34f5082",
        parent_span_id: "",
        status: 1,
        events: [],
        attribute_keys: [],
    },
    SpanShape {
        batch: 45,
        name: "baseline",
        trace_id: "63437233e631a46a29c236218a6c0a32",
        span_id: "034641d844371b35",
        parent_span_id: "",
        status: 1,
        events: [],
        attribute_keys: [],
    },
    SpanShape {
        batch: 46,
        name: "baseline",
        trace_id: "a43764603be7b22cd7363a0f49e2a708",
        span_id: "1f693a28ea36319a",
        parent_span_id: "",
        status: 1,
        events: [],
        attribute_keys: [],
    },
    SpanShape {
        batch: 47,
        name: "baseline",
        trace_id: "985f13f3db6f7df0c8f755598b2a421c",
        span_id: "2bad7cd5d1e36f24",
        parent_span_id: "",
        status: 1,
        events: [],
        attribute_keys: [],
    },
    SpanShape {
        batch: 48,
        name: "baseline",
        trace_id: "5688ba170af93d96b36ed84a2748e1a5",
        span_id: "51e7b4a18b6bc06c",
        parent_span_id: "",
        status: 1,
        events: [],
        attribute_keys: [],
    },
    SpanShape {
        batch: 49,
        name: "baseline",
        trace_id: "8fa68aa029bb72d863bf1a40a63e200a",
        span_id: "7f9643c136daded4",
        parent_span_id: "",
        status: 1,
        events: [],
        attribute_keys: [],
    },
    SpanShape {
        batch: 50,
        name: "baseline",
        trace_id: "a6fd3c252804d981e397ee63723c1780",
        span_id: "37ed141771fdb413",
        parent_span_id: "",
        status: 1,
        events: [],
        attribute_keys: [],
    },
    SpanShape {
        batch: 51,
        name: "baseline",
        trace_id: "ee172767a0c2be66fd6ce6fbf8563546",
        span_id: "eaabcb71525f88b0",
        parent_span_id: "",
        status: 1,
        events: [],
        attribute_keys: [],
    },
    SpanShape {
        batch: 52,
        name: "baseline",
        trace_id: "5c6be261a23cd6a8ff16e7fdfb111fab",
        span_id: "2d863aa8232aab30",
        parent_span_id: "",
        status: 1,
        events: [],
        attribute_keys: [],
    },
    SpanShape {
        batch: 53,
        name: "baseline",
        trace_id: "33edc7bf4b985c29700abb0b4ecc3b4f",
        span_id: "e05b0a64cb67ca5d",
        parent_span_id: "",
        status: 1,
        events: [],
        attribute_keys: [],
    },
    SpanShape {
        batch: 54,
        name: "baseline",
        trace_id: "cf7780f9fd387bd4a937f3e9924563fc",
        span_id: "3a8a7c2e8ab7f535",
        parent_span_id: "",
        status: 1,
        events: [],
        attribute_keys: [],
    },
    SpanShape {
        batch: 55,
        name: "baseline",
        trace_id: "2802d6352773d8ffce7aee8cbb6f5bdd",
        span_id: "113c6d25f3796e35",
        parent_span_id: "",
        status: 1,
        events: [],
        attribute_keys: [],
    },
    SpanShape {
        batch: 56,
        name: "baseline",
        trace_id: "3eeffa23faae39a323e868b3921c38d5",
        span_id: "d1a4c8a411464021",
        parent_span_id: "",
        status: 1,
        events: [],
        attribute_keys: [],
    },
    SpanShape {
        batch: 57,
        name: "baseline",
        trace_id: "45b46754acbf56a871d18818ab8d5fa1",
        span_id: "13c61cdbda225296",
        parent_span_id: "",
        status: 1,
        events: [],
        attribute_keys: [],
    },
    SpanShape {
        batch: 58,
        name: "baseline",
        trace_id: "b3d829fdafee60e176febed6cce84bab",
        span_id: "1b915228be262205",
        parent_span_id: "",
        status: 1,
        events: [],
        attribute_keys: [],
    },
    SpanShape {
        batch: 59,
        name: "baseline",
        trace_id: "a0d556580e4b318e0facf4fbed754690",
        span_id: "bd2f518ea48adc53",
        parent_span_id: "",
        status: 1,
        events: [],
        attribute_keys: [],
    },
    SpanShape {
        batch: 60,
        name: "root",
        trace_id: "f71a5b1d3be1990c0bf806719923c698",
        span_id: "65c99e33f9a1373b",
        parent_span_id: "",
        status: 2,
        events: [],
        attribute_keys: [],
    },
    SpanShape {
        batch: 61,
        name: "root",
        trace_id: "1a0d3707d9446515e6210dfe3c6f64fb",
        span_id: "51958ac0de13aeb1",
        parent_span_id: "",
        status: 2,
        events: [],
        attribute_keys: [],
    },
    SpanShape {
        batch: 62,
        name: "root",
        trace_id: "ffaa89a9801cfad9878426ce2d51ab9c",
        span_id: "084489028ab30bd3",
        parent_span_id: "",
        status: 2,
        events: [],
        attribute_keys: [],
    },
    SpanShape {
        batch: 63,
        name: "root",
        trace_id: "5047edfb2d03fc5ecf457b88b9954caf",
        span_id: "7797e56a02b4fe2c",
        parent_span_id: "",
        status: 2,
        events: [],
        attribute_keys: [],
    },
    SpanShape {
        batch: 64,
        name: "root",
        trace_id: "5ee29475724cb7ded7307cd793d12c04",
        span_id: "349154810707bb90",
        parent_span_id: "",
        status: 2,
        events: [],
        attribute_keys: [],
    },
    SpanShape {
        batch: 65,
        name: "root",
        trace_id: "c5a8c44bea22d68bd0b2dc0dc9be03ac",
        span_id: "a69dc8ce55faa261",
        parent_span_id: "",
        status: 2,
        events: [],
        attribute_keys: [],
    },
    SpanShape {
        batch: 66,
        name: "root",
        trace_id: "3ea5c80319e9ac54294332934daabefc",
        span_id: "d1829ec13aba4cdc",
        parent_span_id: "",
        status: 2,
        events: [],
        attribute_keys: [],
    },
    SpanShape {
        batch: 67,
        name: "root",
        trace_id: "a5b7609a3eabac48705a8b45cbb06ea6",
        span_id: "abb21f5428bfa960",
        parent_span_id: "",
        status: 2,
        events: [],
        attribute_keys: [],
    },
    SpanShape {
        batch: 68,
        name: "root",
        trace_id: "64075764c01d2cc5dd06278610fd683e",
        span_id: "e55ccccf547ec9fc",
        parent_span_id: "",
        status: 2,
        events: [],
        attribute_keys: [],
    },
    SpanShape {
        batch: 69,
        name: "root",
        trace_id: "2436336eaacc39546e05819b58ec4aa6",
        span_id: "2c5d6fc7431528bd",
        parent_span_id: "",
        status: 2,
        events: [],
        attribute_keys: [],
    },
    SpanShape {
        batch: 70,
        name: "root",
        trace_id: "97d2184255471efa30776f1fd804f563",
        span_id: "b0c182e2eafe803d",
        parent_span_id: "",
        status: 2,
        events: [],
        attribute_keys: [],
    },
    SpanShape {
        batch: 71,
        name: "root",
        trace_id: "a46a958e233307d4644644b6cdfd81fa",
        span_id: "3653103cc08f8f00",
        parent_span_id: "",
        status: 2,
        events: [],
        attribute_keys: [],
    },
    SpanShape {
        batch: 72,
        name: "root",
        trace_id: "89d9ef84dceaafdcfc5ab9a5b023cb00",
        span_id: "224c7afdc6f694e7",
        parent_span_id: "",
        status: 2,
        events: [],
        attribute_keys: [],
    },
    SpanShape {
        batch: 73,
        name: "root",
        trace_id: "cdb5d6159c2b6d9ee72ed24a24768781",
        span_id: "e5629818da0d8014",
        parent_span_id: "",
        status: 2,
        events: [],
        attribute_keys: [],
    },
    SpanShape {
        batch: 74,
        name: "spike",
        trace_id: "496e5c7de98f850eafca51ee62b30eeb",
        span_id: "2b2d84f0e01bbeef",
        parent_span_id: "",
        status: 1,
        events: [],
        attribute_keys: [],
    },
    SpanShape {
        batch: 75,
        name: "spike",
        trace_id: "dff37411697d8ea53afeda69483550ca",
        span_id: "45a1bd5586c2b2ca",
        parent_span_id: "",
        status: 1,
        events: [],
        attribute_keys: [],
    },
    SpanShape {
        batch: 76,
        name: "spike",
        trace_id: "303a2c370940a5a759dd5db0af738dc7",
        span_id: "66eb7f3f06051bfb",
        parent_span_id: "",
        status: 1,
        events: [],
        attribute_keys: [],
    },
    SpanShape {
        batch: 77,
        name: "spike",
        trace_id: "a3d2c60d9932dbe6b77eafa7a0372426",
        span_id: "e0be983c13fbbe74",
        parent_span_id: "",
        status: 1,
        events: [],
        attribute_keys: [],
    },
    SpanShape {
        batch: 78,
        name: "spike",
        trace_id: "b4d6b41d84dfebceec1f0502fd8d3a39",
        span_id: "7de24e6eac45568f",
        parent_span_id: "",
        status: 1,
        events: [],
        attribute_keys: [],
    },
    SpanShape {
        batch: 79,
        name: "spike",
        trace_id: "fe88f71e2cf3be24405364f4adfc957c",
        span_id: "e099e5b350b69d07",
        parent_span_id: "",
        status: 1,
        events: [],
        attribute_keys: [],
    },
    SpanShape {
        batch: 80,
        name: "spike",
        trace_id: "b7d886b49a96e75a6644a6f59d77aa40",
        span_id: "77f31bbff9e88911",
        parent_span_id: "",
        status: 1,
        events: [],
        attribute_keys: [],
    },
    SpanShape {
        batch: 81,
        name: "spike",
        trace_id: "e1aa3b3b826b83cada83f00fc97b0863",
        span_id: "b55a601a48e50e03",
        parent_span_id: "",
        status: 1,
        events: [],
        attribute_keys: [],
    },
    SpanShape {
        batch: 82,
        name: "spike",
        trace_id: "aa59c94e68af7c1f50d686386a1630e3",
        span_id: "f3ab932f74d11cfd",
        parent_span_id: "",
        status: 1,
        events: [],
        attribute_keys: [],
    },
    SpanShape {
        batch: 83,
        name: "spike",
        trace_id: "6d1cd8d72b6d8d67daf7eeaf2b865a94",
        span_id: "c420de3ec687039b",
        parent_span_id: "",
        status: 1,
        events: [],
        attribute_keys: [],
    },
    SpanShape {
        batch: 84,
        name: "spike",
        trace_id: "291eabfb1c56840794b303d68f7a38c1",
        span_id: "44434124dddf5b53",
        parent_span_id: "",
        status: 1,
        events: [],
        attribute_keys: [],
    },
    SpanShape {
        batch: 85,
        name: "spike",
        trace_id: "8985d3ebe80aa57101f1963e0aee4137",
        span_id: "e7649d65d527baf2",
        parent_span_id: "",
        status: 1,
        events: [],
        attribute_keys: [],
    },
    SpanShape {
        batch: 86,
        name: "spike",
        trace_id: "5922899e77c53849537fde97072e1a78",
        span_id: "509f0f80f95ab963",
        parent_span_id: "",
        status: 1,
        events: [],
        attribute_keys: [],
    },
    SpanShape {
        batch: 87,
        name: "spike",
        trace_id: "5bfabf1c9af6bb8ea876f62188ed5cb4",
        span_id: "fa6c3cdede461839",
        parent_span_id: "",
        status: 1,
        events: [],
        attribute_keys: [],
    },
    SpanShape {
        batch: 88,
        name: "spike",
        trace_id: "5838faf18ba1284ed3841e4e2a57005b",
        span_id: "16e06154c02e9038",
        parent_span_id: "",
        status: 1,
        events: [],
        attribute_keys: [],
    },
    SpanShape {
        batch: 89,
        name: "spike",
        trace_id: "e02d2c5986d162537e916c32f8a086fb",
        span_id: "32fa9a566b97250f",
        parent_span_id: "",
        status: 1,
        events: [],
        attribute_keys: [],
    },
    SpanShape {
        batch: 90,
        name: "spike",
        trace_id: "5921a0624386f28466ded6ecb60805eb",
        span_id: "375f94350cd2e7fc",
        parent_span_id: "",
        status: 1,
        events: [],
        attribute_keys: [],
    },
    SpanShape {
        batch: 91,
        name: "spike",
        trace_id: "f679cdfb1f751780ed4a9e5c988cd8cc",
        span_id: "9054be414ec9ed34",
        parent_span_id: "",
        status: 1,
        events: [],
        attribute_keys: [],
    },
    SpanShape {
        batch: 92,
        name: "spike",
        trace_id: "b57b6f0fc09af4e1d00479ddc44f8287",
        span_id: "61154d9f8e946c75",
        parent_span_id: "",
        status: 1,
        events: [],
        attribute_keys: [],
    },
    SpanShape {
        batch: 93,
        name: "spike",
        trace_id: "c932bcd93560dbf6d254dd49e414725d",
        span_id: "697daf60c1c26e0d",
        parent_span_id: "",
        status: 1,
        events: [],
        attribute_keys: [],
    },
    SpanShape {
        batch: 94,
        name: "spike",
        trace_id: "ef86e90f7963e24124bf0ca9190d2e9f",
        span_id: "f5a18c948f2fbac2",
        parent_span_id: "",
        status: 1,
        events: [],
        attribute_keys: [],
    },
    SpanShape {
        batch: 95,
        name: "spike",
        trace_id: "fec36dae9d953a3f7fb11e5635112860",
        span_id: "2ca71a553636aa31",
        parent_span_id: "",
        status: 1,
        events: [],
        attribute_keys: [],
    },
    SpanShape {
        batch: 96,
        name: "spike",
        trace_id: "7afb7d44f9890d15a7f7c6f181eb472b",
        span_id: "6955eda7cfefa1d3",
        parent_span_id: "",
        status: 1,
        events: [],
        attribute_keys: [],
    },
    SpanShape {
        batch: 97,
        name: "spike",
        trace_id: "fbc49cbe17adaf1c6bca7aee144404a2",
        span_id: "1a1670bc08e3919a",
        parent_span_id: "",
        status: 1,
        events: [],
        attribute_keys: [],
    },
    SpanShape {
        batch: 98,
        name: "spike",
        trace_id: "927591cd1fd97e7c88975f545d954069",
        span_id: "d83b623ba18fddba",
        parent_span_id: "",
        status: 1,
        events: [],
        attribute_keys: [],
    },
    SpanShape {
        batch: 99,
        name: "spike",
        trace_id: "8f277898ea00951a9cc74595673f4d8c",
        span_id: "8e2ac6fb1cf331a8",
        parent_span_id: "",
        status: 1,
        events: [],
        attribute_keys: [],
    },
]
