---
source: crates/conductor-run/tests/dispatch_wire.rs
expression: span_shapes(&traces)
---
[
    SpanShape {
        batch: 0,
        name: "root",
        trace_id: "8e33020b95b5e48df8444466a30c8e33",
        span_id: "48e348e8dcaacd64",
        parent_span_id: "",
        status: 2,
        events: [
            "exception",
        ],
        attribute_keys: [],
    },
    SpanShape {
        batch: 1,
        name: "root",
        trace_id: "793b37a8ad4d3b4e26632f60dc1cf7ae",
        span_id: "68e35e1fa1c14f8f",
        parent_span_id: "",
        status: 2,
        events: [
            "exception",
        ],
        attribute_keys: [],
    },
    SpanShape {
        batch: 2,
        name: "root",
        trace_id: "77bf0b4507348aef4082bb4fca35eb59",
        span_id: "a7ed83e98efdf1ad",
        parent_span_id: "",
        status: 2,
        events: [
            "exception",
        ],
        attribute_keys: [],
    },
    SpanShape {
        batch: 3,
        name: "root",
        trace_id: "fdeb99b0752dc802a82737e5472f8415",
        span_id: "193e9cbd75e2a824",
        parent_span_id: "",
        status: 2,
        events: [
            "exception",
        ],
        attribute_keys: [],
    },
    SpanShape {
        batch: 4,
        name: "root",
        trace_id: "9b8fc5a6ae6880dc5c78fc7016c3c67c",
        span_id: "ef3d2dfc10046d2d",
        parent_span_id: "",
        status: 2,
        events: [
            "exception",
        ],
        attribute_keys: [],
    },
    SpanShape {
        batch: 5,
        name: "root",
        trace_id: "91d04ab239aed96b85f67715faeb58a0",
        span_id: "832c6d9eecb022ab",
        parent_span_id: "",
        status: 2,
        events: [
            "exception",
        ],
        attribute_keys: [],
    },
    SpanShape {
        batch: 6,
        name: "root",
        trace_id: "8fe3aa4cd2cf44791b851225039fc09f",
        span_id: "56bd104425a0a217",
        parent_span_id: "",
        status: 2,
        events: [
            "exception",
        ],
        attribute_keys: [],
    },
    SpanShape {
        batch: 7,
        name: "root",
        trace_id: "8a942600a3988fd199a6a8e903a096ed",
        span_id: "10868c199540f712",
        parent_span_id: "",
        status: 2,
        events: [
            "exception",
        ],
        attribute_keys: [],
    },
    SpanShape {
        batch: 8,
        name: "root",
        trace_id: "362a6b247a70578494348b26c6427f11",
        span_id: "b270b9ee5dd0f99e",
        parent_span_id: "",
        status: 2,
        events: [
            "exception",
        ],
        attribute_keys: [],
    },
    SpanShape {
        batch: 9,
        name: "root",
        trace_id: "4375d0537a643c1ad80d793cedfa9b4d",
        span_id: "0e95c839527a1d29",
        parent_span_id: "",
        status: 2,
        events: [
            "exception",
        ],
        attribute_keys: [],
    },
    SpanShape {
        batch: 10,
        name: "root",
        trace_id: "31ce19cd65b8e60597ef89cb696e0c80",
        span_id: "91cfb9674f219b06",
        parent_span_id: "",
        status: 2,
        events: [
            "exception",
        ],
        attribute_keys: [],
    },
    SpanShape {
        batch: 11,
        name: "root",
        trace_id: "8c56a8e16606ab3e1b90a0493e7b188c",
        span_id: "ab7100821b829539",
        parent_span_id: "",
        status: 2,
        events: [
            "exception",
        ],
        attribute_keys: [],
    },
    SpanShape {
        batch: 12,
        name: "root",
        trace_id: "4bebc564b8dc243977c37f25f7bfcd31",
        span_id: "2702aec7b4fbf0ed",
        parent_span_id: "",
        status: 2,
        events: [
            "exception",
        ],
        attribute_keys: [],
    },
    SpanShape {
        batch: 13,
        name: "root",
        trace_id: "b5b13c865f8355146c34d3821fe49ebe",
        span_id: "380f3bd51dd23512",
        parent_span_id: "",
        status: 2,
        events: [
            "exception",
        ],
        attribute_keys: [],
    },
    SpanShape {
        batch: 14,
        name: "root",
        trace_id: "24b85964efd1057a25423261fb6979dc",
        span_id: "88397d4227e4817a",
        parent_span_id: "",
        status: 2,
        events: [
            "exception",
        ],
        attribute_keys: [],
    },
    SpanShape {
        batch: 15,
        name: "root",
        trace_id: "6353f502f2ff1f20e9d2c53b541e9826",
        span_id: "57f8fb8e33fb4493",
        parent_span_id: "",
        status: 2,
        events: [
            "exception",
        ],
        attribute_keys: [],
    },
    SpanShape {
        batch: 16,
        name: "root",
        trace_id: "10a4969bf4789f28e64eb1a393b20f87",
        span_id: "7bfd667d7f6ac8db",
        parent_span_id: "",
        status: 2,
        events: [
            "exception",
        ],
        attribute_keys: [],
    },
    SpanShape {
        batch: 17,
        name: "root",
        trace_id: "c6bc55f502b38911eccf6e301c140919",
        span_id: "4c0a32e656bac8e9",
        parent_span_id: "",
        status: 2,
        events: [
            "exception",
        ],
        attribute_keys: [],
    },
]
