start conductor-faults 2026-10-04T09:34:44Z
end conductor-faults exit=2 2026-10-04T09:35:11Z
start conductor-timeline 2026-10-04T09:35:11Z
end conductor-timeline exit=2 2026-10-04T09:35:52Z
start conductor-tauri 2026-10-04T09:35:52Z
end conductor-tauri exit=2 2026-10-04T09:37:56Z
start conductor-report 2026-10-04T09:37:56Z
end conductor-report exit=2 2026-10-04T09:38:58Z
start conductor-cli 2026-10-04T09:38:58Z
end conductor-cli exit=2 2026-10-04T09:40:36Z
start conductor-run 2026-10-04T09:40:36Z
end conductor-run exit=2 2026-10-04T09:43:42Z
start conductor-verify 2026-10-04T09:43:42Z
end conductor-verify exit=2 2026-10-04T09:45:35Z
start conductor-core 2026-10-04T09:45:35Z
end conductor-core exit=4 2026-10-04T09:45:45Z
start conductor-emit 2026-10-04T09:45:45Z
end conductor-emit exit=3 2026-10-04T09:48:31Z
ALL-DONE 2026-10-04T09:48:31Z
start conductor-core-copyvcs 2026-10-04T09:48:36Z
end conductor-core-copyvcs exit=0 2026-10-04T09:50:53Z
